[2025-08-22 10:40:40] [INFO] 汽车信息爬取调度器启动
[2025-08-22 10:40:40] [INFO] 执行间隔: 4小时
[2025-08-22 10:40:40] [INFO] 工作目录: C:\Users\shengwei\Desktop\carinfo
[2025-08-22 10:40:40] [INFO] PID: 26304
[2025-08-22 10:40:40] [INFO] 环境检查通过，发现 1 个启用的车辆类型
[2025-08-22 10:40:40] [INFO] 启动时立即执行一次任务...
[2025-08-22 10:40:40] [INFO] === 开始执行爬取任务 ===
[2025-08-22 10:43:08] [INFO] 汽车信息爬取调度器启动
[2025-08-22 10:43:08] [INFO] 执行间隔: 4小时
[2025-08-22 10:43:08] [INFO] 工作目录: C:\Users\shengwei\Desktop\carinfo
[2025-08-22 10:43:08] [INFO] PID: 20652
[2025-08-22 10:43:08] [INFO] 环境检查通过，发现 1 个启用的车辆类型
[2025-08-22 10:43:08] [INFO] 启动时立即执行一次任务...
[2025-08-22 10:43:08] [INFO] === 开始执行爬取任务 ===
[2025-08-22 10:43:09] [TASK] 2025-08-22 10:43:09,851 - INFO - ļ config.json  1 õĳ
[2025-08-22 10:43:09] [TASK] 2025-08-22 10:43:09,851 - INFO - ɹشļ: .\proxy_config.json
[2025-08-22 10:43:09] [TASK] 2025-08-22 10:43:09,851 - INFO - ʼɣ 20 ô
[2025-08-22 10:43:09] [TASK] 2025-08-22 10:43:09,851 - INFO - ǰʹô: proxy2
[2025-08-22 10:43:09] [TASK] 2025-08-22 10:43:09,851 - INFO - URL: https://dj1jklak2e.28car.com/sell_lst.php?h_f_ty=1&h_page=1
[2025-08-22 10:43:09] [TASK] 2025-08-22 10:43:09,851 - INFO - : 1
[2025-08-22 10:43:09] [TASK] 2025-08-22 10:43:09,851 - INFO -  1/4: ʹô proxy5
[2025-08-22 10:43:13] [TASK] 2025-08-22 10:43:13,760 - INFO - ɹʹ big5
[2025-08-22 10:43:13] [TASK] 2025-08-22 10:43:13,760 - INFO - Ӧ״̬: 200
[2025-08-22 10:43:13] [TASK] 2025-08-22 10:43:13,761 - INFO - Ӧݳ: 113701
[2025-08-22 10:43:13] [TASK] 2025-08-22 10:43:13,794 - INFO - ҳѱ浽: debug_pages\debug_list_page_1755830593.html
[2025-08-22 10:43:13] [TASK] 2025-08-22 10:43:13,796 - INFO - ܹҵ 20 ¼
[2025-08-22 10:43:13] [TASK] 2025-08-22 10:43:13,797 - INFO - ¼ 1: =22/08, ID=628097406, ״̬=δ
[2025-08-22 10:43:13] [TASK] 2025-08-22 10:43:13,798 - INFO - ¼ 2: =22/08, ID=613501295, ״̬=
[2025-08-22 10:43:13] [TASK] 2025-08-22 10:43:13,798 - INFO - ¼ 3: =22/08, ID=631109373, ״̬=δ
[2025-08-22 10:43:13] [TASK] 2025-08-22 10:43:13,799 - INFO - ¼ 4: =22/08, ID=619357539, ״̬=δ
[2025-08-22 10:43:13] [TASK] 2025-08-22 10:43:13,799 - INFO - ¼ 5: =22/08, ID=619261928, ״̬=δ
[2025-08-22 10:43:13] [TASK] 2025-08-22 10:43:13,800 - INFO - ¼ 6: =22/08, ID=626498940, ״̬=δ
[2025-08-22 10:43:13] [TASK] 2025-08-22 10:43:13,800 - INFO - ¼ 7: =22/08, ID=625434339, ״̬=δ
[2025-08-22 10:43:13] [TASK] 2025-08-22 10:43:13,801 - INFO - ¼ 8: =22/08, ID=625417684, ״̬=δ
[2025-08-22 10:43:13] [TASK] 2025-08-22 10:43:13,801 - INFO - ¼ 9: =22/08, ID=625165539, ״̬=δ
[2025-08-22 10:43:13] [TASK] 2025-08-22 10:43:13,801 - INFO - ¼ 10: =22/08, ID=624573339, ״̬=δ
[2025-08-22 10:43:13] [TASK] 2025-08-22 10:43:13,803 - INFO - ¼ 11: =22/08, ID=621446940, ״̬=δ
[2025-08-22 10:43:13] [TASK] 2025-08-22 10:43:13,803 - INFO - ¼ 12: =22/08, ID=629458295, ״̬=δ
[2025-08-22 10:43:13] [TASK] 2025-08-22 10:43:13,804 - INFO - ¼ 13: =22/08, ID=624892740, ״̬=δ
[2025-08-22 10:43:13] [TASK] 2025-08-22 10:43:13,804 - INFO - ¼ 14: =22/08, ID=630555728, ״̬=δ
[2025-08-22 10:43:13] [TASK] 2025-08-22 10:43:13,805 - INFO - ¼ 15: =22/08, ID=629341684, ״̬=δ
[2025-08-22 10:43:13] [TASK] 2025-08-22 10:43:13,805 - INFO - ¼ 16: =22/08, ID=628769373, ״̬=δ
[2025-08-22 10:43:13] [TASK] 2025-08-22 10:43:13,806 - INFO - ¼ 17: =22/08, ID=628741539, ״̬=δ
[2025-08-22 10:43:13] [TASK] 2025-08-22 10:43:13,807 - INFO - ¼ 18: =22/08, ID=628389906, ״̬=δ
[2025-08-22 10:43:13] [TASK] 2025-08-22 10:43:13,807 - INFO - ¼ 19: =22/08, ID=624780662, ״̬=δ
[2025-08-22 10:43:13] [TASK] 2025-08-22 10:43:13,808 - INFO - ¼ 20: =22/08, ID=613331762, ״̬=δ
[2025-08-22 10:43:13] [TASK] 2025-08-22 10:43:13,808 - INFO - ɹȡ 20 Ϣ
[2025-08-22 10:43:13] [TASK] 2025-08-22 10:43:13,808 - INFO - ʼȡ 20 Ϣ
[2025-08-22 10:43:13] [TASK] 2025-08-22 10:43:13,808 - INFO - ڴ 1/20 h_vid: 628097406, ״̬: δ
[2025-08-22 10:43:13] [TASK] 2025-08-22 10:43:13,808 - INFO - ȡ 628097406 ϸϢ״̬δۣ
[2025-08-22 10:43:13] [TASK] 2025-08-22 10:43:13,808 - INFO - ҳURL: https://dj1jklak2e.28car.com/sell_dsp.php?h_vid=628097406&h_vw=y
[2025-08-22 10:43:13] [TASK] 2025-08-22 10:43:13,808 - INFO -  1/4: ʹô proxy4
[2025-08-22 10:43:15] [TASK] 2025-08-22 10:43:15,492 - ERROR - ʧ ( 1/4): SOCKSHTTPSConnectionPool(host='dj1jklak2e.28car.com', port=443): Max retries exceeded with url: /sell_dsp.php?h_vid=628097406&h_vw=y (Caused by NewConnectionError('<urllib3.contrib.socks.SOCKSHTTPSConnection object at 0x000002896D14BF50>: Failed to establish a new connection: SOCKS5 authentication failed'))
[2025-08-22 10:43:15] [TASK] 2025-08-22 10:43:15,492 - WARNING -  proxy4 Ϊʧ
[2025-08-22 10:43:15] [TASK] 2025-08-22 10:43:15,492 - INFO - ȴ 5 ...
[2025-08-22 10:43:20] [TASK] 2025-08-22 10:43:20,493 - INFO -  2/4: ʹô proxy13
[2025-08-22 10:43:24] [TASK] 2025-08-22 10:43:24,392 - INFO - ɹʹ big5
[2025-08-22 10:43:24] [TASK] 2025-08-22 10:43:24,392 - INFO - Ӧ״̬: 200
[2025-08-22 10:43:24] [TASK] 2025-08-22 10:43:24,392 - INFO - Ӧݳ: 57206
[2025-08-22 10:43:24] [TASK] 2025-08-22 10:43:24,408 - INFO -  628097406 ״̬δۣбҳ
[2025-08-22 10:43:24] [TASK] 2025-08-22 10:43:24,410 - INFO -  628097406 Ϣȡ: <class 'dict'>
[2025-08-22 10:43:24] [TASK] 2025-08-22 10:43:24,410 - INFO - ɹȡϢ: S\xa0TOYOTA ALPHARD 3.5 FL (״̬: δ)
[2025-08-22 10:43:24] [TASK] 2025-08-22 10:43:24,411 - INFO - ģʽӳ 1.6 ...
[2025-08-22 10:43:26] [TASK] 2025-08-22 10:43:26,032 - INFO - ڴ 2/20 h_vid: 613501295, ״̬:
[2025-08-22 10:43:26] [TASK] 2025-08-22 10:43:26,032 - INFO - ȡ 613501295 ϸϢ״̬ۣ
[2025-08-22 10:43:26] [TASK] 2025-08-22 10:43:26,032 - INFO - ҳURL: https://dj1jklak2e.28car.com/sell_dsp.php?h_vid=613501295&h_vw=y
[2025-08-22 10:43:26] [TASK] 2025-08-22 10:43:26,032 - INFO -  1/4: ʹô proxy14
[2025-08-22 10:43:28] [TASK] 2025-08-22 10:43:28,758 - INFO - ɹʹ big5
[2025-08-22 10:43:28] [TASK] 2025-08-22 10:43:28,758 - INFO - Ӧ״̬: 200
[2025-08-22 10:43:28] [TASK] 2025-08-22 10:43:28,758 - INFO - Ӧݳ: 53225
[2025-08-22 10:43:28] [TASK] 2025-08-22 10:43:28,774 - INFO -  613501295 ״̬ۣбҳ
[2025-08-22 10:43:28] [TASK] 2025-08-22 10:43:28,775 - INFO -  613501295 Ϣȡ: <class 'dict'>
[2025-08-22 10:43:28] [TASK] 2025-08-22 10:43:28,775 - INFO - ɹȡϢ: \xa0FERRARI F360 SPIDER (״̬: )
[2025-08-22 10:43:28] [TASK] 2025-08-22 10:43:28,775 - INFO - ģʽӳ 1.8 ...
[2025-08-22 10:43:30] [TASK] 2025-08-22 10:43:30,585 - INFO - ڴ 3/20 h_vid: 631109373, ״̬: δ
[2025-08-22 10:43:30] [TASK] 2025-08-22 10:43:30,585 - INFO - ȡ 631109373 ϸϢ״̬δۣ
[2025-08-22 10:43:30] [TASK] 2025-08-22 10:43:30,585 - INFO - ҳURL: https://dj1jklak2e.28car.com/sell_dsp.php?h_vid=631109373&h_vw=y
[2025-08-22 10:43:30] [TASK] 2025-08-22 10:43:30,585 - INFO -  1/4: ʹô proxy9
[2025-08-22 10:43:34] [TASK] 2025-08-22 10:43:34,457 - INFO - ɹʹ big5
[2025-08-22 10:43:34] [TASK] 2025-08-22 10:43:34,457 - INFO - Ӧ״̬: 200
[2025-08-22 10:43:34] [TASK] 2025-08-22 10:43:34,457 - INFO - Ӧݳ: 60458
[2025-08-22 10:43:34] [TASK] 2025-08-22 10:43:34,479 - INFO -  631109373 ״̬δۣбҳ
[2025-08-22 10:43:34] [TASK] 2025-08-22 10:43:34,481 - INFO -  631109373 Ϣȡ: <class 'dict'>
[2025-08-22 10:43:34] [TASK] 2025-08-22 10:43:34,481 - INFO - ɹȡϢ: r\xa0PORSCHE 911 991.1 GT3RS (״̬: δ)
[2025-08-22 10:43:34] [TASK] 2025-08-22 10:43:34,481 - INFO - ģʽӳ 1.1 ...
[2025-08-22 10:43:34] [INFO] 收到停止信号，等待当前任务完成后退出...
[2025-08-22 10:43:34] [TASK] δָĬʹļģʽ
[2025-08-22 10:43:34] [TASK] === ļģʽ ===
[2025-08-22 10:43:34] [TASK] ļ: config.json
[2025-08-22 10:43:34] [TASK] ȡ 1 ֳ:
[2025-08-22 10:43:34] [TASK] - ˽ҳ (1): 200ҳ
[2025-08-22 10:43:34] [TASK] 
[2025-08-22 10:43:34] [TASK] === ʼȡ ˽ҳ (1) ===
[2025-08-22 10:43:34] [TASK] ļ׷ݵ: car_data_1.csv
[2025-08-22 10:43:34] [TASK] 
[2025-08-22 10:43:34] [TASK] === ڴ 1 ҳ ===
[2025-08-22 10:43:34] [TASK] ڻȡ 1 ҳб...
[2025-08-22 10:43:34] [TASK] 1 ҳҵ 20
[2025-08-22 10:43:34] [TASK] Traceback (most recent call last):
[2025-08-22 10:43:34] [TASK] File "C:\Users\shengwei\Desktop\carinfo\carinfo.py", line 1322, in <module>
[2025-08-22 10:43:34] [TASK] main()
[2025-08-22 10:43:34] [TASK] File "C:\Users\shengwei\Desktop\carinfo\carinfo.py", line 1036, in main
[2025-08-22 10:43:34] [TASK] scraper.scrape_cars(vehicle_ids, sale_status_list)
[2025-08-22 10:43:34] [TASK] File "C:\Users\shengwei\Desktop\carinfo\carinfo.py", line 575, in scrape_cars
[2025-08-22 10:43:34] [TASK] time.sleep(delay)
[2025-08-22 10:43:34] [TASK] KeyboardInterrupt
[2025-08-22 10:43:34] [ERROR] ✗ 爬取任务失败，耗时 0.4 分钟
[2025-08-22 10:43:34] [WARNING] 首次执行失败 (1/3)
[2025-08-22 10:43:34] [INFO] 调度器已停止
[2025-08-22 10:44:11] [INFO] 汽车信息爬取调度器启动
[2025-08-22 10:44:11] [INFO] 执行间隔: 4小时
[2025-08-22 10:44:11] [INFO] 工作目录: C:\Users\shengwei\Desktop\carinfo
[2025-08-22 10:44:11] [INFO] PID: 16588
[2025-08-22 10:44:11] [INFO] 环境检查通过，发现 1 个启用的车辆类型
[2025-08-22 10:44:11] [INFO] 启动时立即执行一次任务...
[2025-08-22 10:44:11] [INFO] === 开始执行爬取任务 ===
[2025-08-22 10:44:11] [INFO] 正在执行爬取任务，请耐心等待...
[2025-08-22 10:44:45] [INFO] 收到停止信号，等待当前任务完成后退出...
[2025-08-22 10:44:45] [ERROR] ✗ 爬取任务失败，耗时 0.6 分钟
[2025-08-22 10:44:45] [ERROR] 错误: return self._sslobj.read(len, buffer)
[2025-08-22 10:44:45] [ERROR] 错误: ^^^^^^^^^^^^^^^^^^^^^^^^^^^^^^
[2025-08-22 10:44:45] [ERROR] 错误: KeyboardInterrupt
[2025-08-22 10:44:45] [WARNING] 首次执行失败 (1/3)
[2025-08-22 10:44:45] [INFO] 调度器已停止
[2025-08-22 10:47:59] [INFO] 汽车信息爬取调度器启动
[2025-08-22 10:47:59] [INFO] 执行间隔: 4小时
[2025-08-22 10:47:59] [INFO] 工作目录: C:\Users\shengwei\Desktop\carinfo
[2025-08-22 10:47:59] [INFO] PID: 22376
[2025-08-22 10:47:59] [INFO] 环境检查通过，发现 1 个启用的车辆类型
[2025-08-22 10:47:59] [INFO] 启动时立即执行一次任务...
[2025-08-22 10:47:59] [INFO] === 开始执行爬取任务 ===
[2025-08-22 10:47:59] [INFO] 正在执行爬取任务，实时进度如下:
[2025-08-22 10:47:59] [INFO] ──────────────────────────────────────────────────
[2025-08-22 11:25:31] [INFO] 收到停止信号，等待当前任务完成后退出...
[2025-08-22 11:25:31] [INFO] ──────────────────────────────────────────────────
[2025-08-22 11:25:31] [ERROR] ✗ 爬取任务失败，返回码: 3221225786，耗时 37.5 分钟
[2025-08-22 11:25:31] [ERROR] ✗ 爬取任务异常: 'CarScheduler' object has no attribute 'consecutive_failures'
[2025-08-22 11:25:31] [WARNING] 首次执行失败 (1/3)
[2025-08-22 11:25:31] [INFO] 调度器已停止
